// Jest Snapshot v1, https://goo.gl/fbAQLP

exports[`renders correctly 1`] = `
<View
  style={
    Object {
      "flexDirection": "row",
      "paddingHorizontal": 15,
      "paddingVertical": 18,
    }
  }
>
  <TextInput
    maxLength={undefined}
    multiline={undefined}
    placeholder="Enter your password"
    secureTextEntry={true}
    style={
      Array [
        Object {
          "flex": 1,
          "fontSize": 16,
        },
        undefined,
      ]
    }
    value=""
  />
</View>
`;
